$ ssh root@68.183.207.175
root@68.183.207.175's password:
Welcome to Ubuntu 20.04.1 LTS (GNU/Linux 5.4.0-42-generic x86_64)

 * Documentation:  https://help.ubuntu.com
 * Management:     https://landscape.canonical.com
 * Support:        https://ubuntu.com/advantage

  System information as of Wed Mar 17 21:42:22 UTC 2021

  System load:  0.0                Users logged in:       0
  Usage of /:   18.1% of 24.06GB   IPv4 address for eth0: 68.183.207.175
  Memory usage: 60%                IPv4 address for eth0: 10.20.0.5
  Swap usage:   0%                 IPv4 address for eth1: 10.118.0.2
  Processes:    124

113 updates can be installed immediately.
0 of these updates are security updates.
To see these additional updates run: apt list --upgradable


*** System restart required ***
********************************************************************************

Welcome to DigitalOcean's 1-Click LAMP Droplet.
To keep this Droplet secure, the UFW firewall is enabled.
All ports are BLOCKED except 22 (SSH), 80 (HTTP), and 443 (HTTPS).

In a web browser, you can view:
 * The LAMP 1-Click Quickstart guide: https://do.co/3gY97ha#start
 * Your LAMP website: http://68.183.207.175

On the server:
 * The default web root is located at /var/www/html
 * The MySQL root password is saved in /root/.digitalocean_password
 * Certbot is preinstalled. Run it to configure HTTPS. See
   https://do.co/3gY97ha#enable-https for more detail.

For help and more information, visit https://do.co/3gY97ha

********************************************************************************
To delete this message of the day: rm -rf /etc/update-motd.d/99-one-click
Last login: Fri Feb 26 15:18:37 2021 from 99.252.128.196
root@lamp-ubuntu-s-1vcpu-1gb-tor1-01:~# man iptables
root@lamp-ubuntu-s-1vcpu-1gb-tor1-01:~# apt-get update
Get:1 http://security.ubuntu.com/ubuntu focal-security InRelease [109 kB]
Get:2 http://mirrors.digitalocean.com/ubuntu focal InRelease [265 kB]
Get:3 http://mirrors.digitalocean.com/ubuntu focal-updates InRelease [114 kB]
Get:4 http://mirrors.digitalocean.com/ubuntu focal-backports InRelease [101 kB]
Get:5 http://mirrors.digitalocean.com/ubuntu focal-updates/main amd64 Packages [863 kB]
Get:6 http://mirrors.digitalocean.com/ubuntu focal-updates/main amd64 c-n-f Metadata [12.8 kB]
Fetched 1464 kB in 1s (1319 kB/s)
Reading package lists... Done
root@lamp-ubuntu-s-1vcpu-1gb-tor1-01:~# apt-get install iptables
Reading package lists... Done
Building dependency tree
Reading state information... Done
iptables is already the newest version (1.8.4-3ubuntu2).
iptables set to manually installed.
0 upgraded, 0 newly installed, 0 to remove and 110 not upgraded.
root@lamp-ubuntu-s-1vcpu-1gb-tor1-01:~# iptables -L -v
Chain INPUT (policy DROP 19 packets, 792 bytes)
 pkts bytes target     prot opt in     out     source               destination
3293K  441M f2b-sshd   tcp  --  any    any     anywhere             anywhere             multiport dports ssh
3781K 1433M ufw-before-logging-input  all  --  any    any     anywhere             anywhere   
3781K 1433M ufw-before-input  all  --  any    any     anywhere             anywhere           
 823K   38M ufw-after-input  all  --  any    any     anywhere             anywhere
 743K   34M ufw-after-logging-input  all  --  any    any     anywhere             anywhere    
 743K   34M ufw-reject-input  all  --  any    any     anywhere             anywhere           
 743K   34M ufw-track-input  all  --  any    any     anywhere             anywhere

Chain FORWARD (policy DROP 0 packets, 0 bytes)
 pkts bytes target     prot opt in     out     source               destination
    0     0 ufw-before-logging-forward  all  --  any    any     anywhere             anywhere 
    0     0 ufw-before-forward  all  --  any    any     anywhere             anywhere         
    0     0 ufw-after-forward  all  --  any    any     anywhere             anywhere          
    0     0 ufw-after-logging-forward  all  --  any    any     anywhere             anywhere  
    0     0 ufw-reject-forward  all  --  any    any     anywhere             anywhere         
    0     0 ufw-track-forward  all  --  any    any     anywhere             anywhere          

Chain OUTPUT (policy ACCEPT 0 packets, 0 bytes)
 pkts bytes target     prot opt in     out     source               destination
4121K  892M ufw-before-logging-output  all  --  any    any     anywhere             anywhere  
4121K  892M ufw-before-output  all  --  any    any     anywhere             anywhere          
36083 2843K ufw-after-output  all  --  any    any     anywhere             anywhere           
36083 2843K ufw-after-logging-output  all  --  any    any     anywhere             anywhere   
36083 2843K ufw-reject-output  all  --  any    any     anywhere             anywhere          
36083 2843K ufw-track-output  all  --  any    any     anywhere             anywhere           

Chain f2b-sshd (1 references)
 pkts bytes target     prot opt in     out     source               destination
   11   788 REJECT     all  --  any    any     119.45.207.216       anywhere             reject-with icmp-port-unreachable
   20  1568 REJECT     all  --  any    any     28.70.34.171.adsl-pool.jx.chinaunicom.com  anywhere             reject-with icmp-port-unreachable
   26  2004 REJECT     all  --  any    any     104.248.203.117      anywhere             reject-with icmp-port-unreachable
   19  1452 REJECT     all  --  any    any     123.207.221.66       anywhere             reject-with icmp-port-unreachable
   25  1876 REJECT     all  --  any    any     157.230.190.64       anywhere             reject-with icmp-port-unreachable
   24  1840 REJECT     all  --  any    any     fixed-187-189-52-135.totalplay.net  anywhere             reject-with icmp-port-unreachable
2723K  398M RETURN     all  --  any    any     anywhere             anywhere

Chain ufw-after-forward (1 references)
 pkts bytes target     prot opt in     out     source               destination

Chain ufw-after-input (1 references)
 pkts bytes target     prot opt in     out     source               destination
  408 31842 ufw-skip-to-policy-input  udp  --  any    any     anywhere             anywhere             udp dpt:netbios-ns
    4   112 ufw-skip-to-policy-input  udp  --  any    any     anywhere             anywhere             udp dpt:netbios-dgm
  752 31832 ufw-skip-to-policy-input  tcp  --  any    any     anywhere             anywhere             tcp dpt:netbios-ssn
78812 4034K ufw-skip-to-policy-input  tcp  --  any    any     anywhere             anywhere             tcp dpt:microsoft-ds
    6   197 ufw-skip-to-policy-input  udp  --  any    any     anywhere             anywhere             udp dpt:bootps
    5   140 ufw-skip-to-policy-input  udp  --  any    any     anywhere             anywhere             udp dpt:bootpc
    0     0 ufw-skip-to-policy-input  all  --  any    any     anywhere             anywhere             ADDRTYPE match dst-type BROADCAST

Chain ufw-after-logging-forward (1 references)
 pkts bytes target     prot opt in     out     source               destination
    0     0 LOG        all  --  any    any     anywhere             anywhere             limit: avg 3/min burst 10 LOG level warning prefix "[UFW BLOCK] "

Chain ufw-after-logging-input (1 references)
 pkts bytes target     prot opt in     out     source               destination
 430K   20M LOG        all  --  any    any     anywhere             anywhere             limit: avg 3/min burst 10 LOG level warning prefix "[UFW BLOCK] "

Chain ufw-after-logging-output (1 references)
 pkts bytes target     prot opt in     out     source               destination

Chain ufw-after-output (1 references)
 pkts bytes target     prot opt in     out     source               destination

Chain ufw-before-forward (1 references)
 pkts bytes target     prot opt in     out     source               destination
    0     0 ACCEPT     all  --  any    any     anywhere             anywhere             ctstate RELATED,ESTABLISHED
    0     0 ACCEPT     icmp --  any    any     anywhere             anywhere             icmp destination-unreachable
    0     0 ACCEPT     icmp --  any    any     anywhere             anywhere             icmp time-exceeded
    0     0 ACCEPT     icmp --  any    any     anywhere             anywhere             icmp parameter-problem
    0     0 ACCEPT     icmp --  any    any     anywhere             anywhere             icmp echo-request
    0     0 ufw-user-forward  all  --  any    any     anywhere             anywhere           

Chain ufw-before-input (1 references)
 pkts bytes target     prot opt in     out     source               destination
  988 82992 ACCEPT     all  --  lo     any     anywhere             anywhere
2483K 1300M ACCEPT     all  --  any    any     anywhere             anywhere             ctstate RELATED,ESTABLISHED
 193K   78M ufw-logging-deny  all  --  any    any     anywhere             anywhere             ctstate INVALID
 193K   78M DROP       all  --  any    any     anywhere             anywhere             ctstate INVALID
    0     0 ACCEPT     icmp --  any    any     anywhere             anywhere             icmp destination-unreachable
    0     0 ACCEPT     icmp --  any    any     anywhere             anywhere             icmp time-exceeded
    0     0 ACCEPT     icmp --  any    any     anywhere             anywhere             icmp parameter-problem
 9310  668K ACCEPT     icmp --  any    any     anywhere             anywhere             icmp echo-request
    0     0 ACCEPT     udp  --  any    any     anywhere             anywhere             udp spt:bootps dpt:bootpc
1095K   54M ufw-not-local  all  --  any    any     anywhere             anywhere
    0     0 ACCEPT     udp  --  any    any     anywhere             224.0.0.251          udp dpt:mdns
    0     0 ACCEPT     udp  --  any    any     anywhere             239.255.255.250      udp dpt:1900
1095K   54M ufw-user-input  all  --  any    any     anywhere             anywhere

Chain ufw-before-logging-forward (1 references)
 pkts bytes target     prot opt in     out     source               destination

Chain ufw-before-logging-input (1 references)
 pkts bytes target     prot opt in     out     source               destination

Chain ufw-before-logging-output (1 references)
 pkts bytes target     prot opt in     out     source               destination

Chain ufw-before-output (1 references)
 pkts bytes target     prot opt in     out     source               destination
  988 82992 ACCEPT     all  --  any    lo      anywhere             anywhere
4084K  889M ACCEPT     all  --  any    any     anywhere             anywhere             ctstate RELATED,ESTABLISHED
36083 2843K ufw-user-output  all  --  any    any     anywhere             anywhere

Chain ufw-logging-allow (0 references)
 pkts bytes target     prot opt in     out     source               destination
    0     0 LOG        all  --  any    any     anywhere             anywhere             limit: avg 3/min burst 10 LOG level warning prefix "[UFW ALLOW] "

Chain ufw-logging-deny (2 references)
 pkts bytes target     prot opt in     out     source               destination
 186K   74M RETURN     all  --  any    any     anywhere             anywhere             ctstate INVALID limit: avg 3/min burst 10
 6749 3301K LOG        all  --  any    any     anywhere             anywhere             limit: avg 3/min burst 10 LOG level warning prefix "[UFW BLOCK] "

Chain ufw-not-local (1 references)
 pkts bytes target     prot opt in     out     source               destination
1095K   54M RETURN     all  --  any    any     anywhere             anywhere             ADDRTYPE match dst-type LOCAL
    0     0 RETURN     all  --  any    any     anywhere             anywhere             ADDRTYPE match dst-type MULTICAST
    0     0 RETURN     all  --  any    any     anywhere             anywhere             ADDRTYPE match dst-type BROADCAST
    0     0 ufw-logging-deny  all  --  any    any     anywhere             anywhere             limit: avg 3/min burst 10
    0     0 DROP       all  --  any    any     anywhere             anywhere

Chain ufw-reject-forward (1 references)
 pkts bytes target     prot opt in     out     source               destination

Chain ufw-reject-input (1 references)
 pkts bytes target     prot opt in     out     source               destination

Chain ufw-reject-output (1 references)
 pkts bytes target     prot opt in     out     source               destination

Chain ufw-skip-to-policy-forward (0 references)
 pkts bytes target     prot opt in     out     source               destination
    0     0 DROP       all  --  any    any     anywhere             anywhere

Chain ufw-skip-to-policy-input (7 references)
 pkts bytes target     prot opt in     out     source               destination
79987 4098K DROP       all  --  any    any     anywhere             anywhere

Chain ufw-skip-to-policy-output (0 references)
 pkts bytes target     prot opt in     out     source               destination
    0     0 ACCEPT     all  --  any    any     anywhere             anywhere

Chain ufw-track-forward (1 references)
 pkts bytes target     prot opt in     out     source               destination

Chain ufw-track-input (1 references)
 pkts bytes target     prot opt in     out     source               destination

Chain ufw-track-output (1 references)
 pkts bytes target     prot opt in     out     source               destination
12467 1272K ACCEPT     tcp  --  any    any     anywhere             anywhere             ctstate NEW
 9805  673K ACCEPT     udp  --  any    any     anywhere             anywhere             ctstate NEW

Chain ufw-user-forward (1 references)
 pkts bytes target     prot opt in     out     source               destination

Chain ufw-user-input (1 references)
 pkts bytes target     prot opt in     out     source               destination
 255K   15M            tcp  --  any    any     anywhere             anywhere             tcp dpt:ssh ctstate NEW recent: SET name: DEFAULT side: source mask: 255.255.255.255
 9962  597K ufw-user-limit  tcp  --  any    any     anywhere             anywhere             tcp dpt:ssh ctstate NEW recent: UPDATE seconds: 30 hit_count: 6 name: DEFAULT side: source mask: 255.255.255.255
 245K   15M ufw-user-limit-accept  tcp  --  any    any     anywhere             anywhere             tcp dpt:ssh
 4196  181K ACCEPT     tcp  --  any    any     anywhere             anywhere             tcp dpt:https
12225  629K ACCEPT     tcp  --  any    any     anywhere             anywhere             tcp dpt:http

Chain ufw-user-limit (1 references)
 pkts bytes target     prot opt in     out     source               destination
 1619 97012 LOG        all  --  any    any     anywhere             anywhere             limit: avg 3/min burst 5 LOG level warning prefix "[UFW LIMIT BLOCK] "
 9962  597K REJECT     all  --  any    any     anywhere             anywhere             reject-with icmp-port-unreachable

Chain ufw-user-limit-accept (1 references)
 pkts bytes target     prot opt in     out     source               destination
 245K   15M ACCEPT     all  --  any    any     anywhere             anywhere

Chain ufw-user-logging-forward (0 references)
 pkts bytes target     prot opt in     out     source               destination

Chain ufw-user-logging-input (0 references)
 pkts bytes target     prot opt in     out     source               destination

Chain ufw-user-logging-output (0 references)
 pkts bytes target     prot opt in     out     source               destination

Chain ufw-user-output (1 references)
 pkts bytes target     prot opt in     out     source               destination